#
# There is insufficient memory for the Java Runtime Environment to continue.
# Native memory allocation (mmap) failed to map 266338304 bytes. Error detail: G1 virtual space
# Possible reasons:
#   The system is out of physical RAM or swap space
#   This process is running with CompressedOops enabled, and the Java Heap may be blocking the growth of the native heap
# Possible solutions:
#   Reduce memory load on the system
#   Increase physical memory or swap space
#   Check if swap backing store is full
#   Decrease Java heap size (-Xmx/-Xms)
#   Decrease number of Java threads
#   Decrease Java thread stack sizes (-Xss)
#   Set larger code cache with -XX:ReservedCodeCacheSize=
#   JVM is running with Zero Based Compressed Oops mode in which the Java heap is
#     placed in the first 32GB address space. The Java Heap base address is the
#     maximum limit for the native heap growth. Please use -XX:HeapBaseMinAddress
#     to set the Java Heap base and to place the Java Heap above 32GB virtual address.
# This output file may be truncated or incomplete.
#
#  Out of Memory Error (os_windows.cpp:3703), pid=19192, tid=26472
#
# JRE version:  (23.0+37) (build )
# Java VM: Java HotSpot(TM) 64-Bit Server VM (23+37-2369, mixed mode, sharing, tiered, compressed oops, compressed class ptrs, g1 gc, windows-amd64)
# No core dump will be written. Minidumps are not enabled by default on client versions of Windows
#

---------------  S U M M A R Y ------------

Command Line: -Dclassworlds.conf=C:\Program Files\Apache\Maven\apache-maven-3.9.9\bin\m2.conf -Dmaven.home=C:\Program Files\Apache\Maven\apache-maven-3.9.9 -Dlibrary.jansi.path=C:\Program Files\Apache\Maven\apache-maven-3.9.9\lib\jansi-native -Dmaven.multiModuleProjectDirectory=C:\Users\saman\PROJECT WORK\Job-Portal org.codehaus.plexus.classworlds.launcher.Launcher clean package -DskipTests

Host: 11th Gen Intel(R) Core(TM) i5-11300H @ 3.10GHz, 8 cores, 15G,  Windows 11 , 64 bit Build 26100 (10.0.26100.7705)
Time: Sun Mar 22 18:24:49 2026 India Standard Time elapsed time: 0.014120 seconds (0d 0h 0m 0s)

---------------  T H R E A D  ---------------

Current thread (0x000001dcbc874530):  JavaThread "Unknown thread" [_thread_in_vm, id=26472, stack(0x000000bcbf000000,0x000000bcbf100000) (1024K)]

Stack: [0x000000bcbf000000,0x000000bcbf100000]
Native frames: (J=compiled Java code, j=interpreted, Vv=VM code, C=native code)
V  [jvm.dll+0x6e08a9]  (no source info available)
V  [jvm.dll+0x87da63]  (no source info available)
V  [jvm.dll+0x87feee]  (no source info available)
V  [jvm.dll+0x8805c3]  (no source info available)
V  [jvm.dll+0x27aee6]  (no source info available)
V  [jvm.dll+0x6dd1b5]  (no source info available)
V  [jvm.dll+0x6d103a]  (no source info available)
V  [jvm.dll+0x35b3ea]  (no source info available)
V  [jvm.dll+0x3637f6]  (no source info available)
V  [jvm.dll+0x34fd5e]  (no source info available)
V  [jvm.dll+0x34fff8]  (no source info available)
V  [jvm.dll+0x3289cc]  (no source info available)
V  [jvm.dll+0x32966e]  (no source info available)
V  [jvm.dll+0x8442e5]  (no source info available)
V  [jvm.dll+0x3b9848]  (no source info available)
V  [jvm.dll+0x82d0dc]  (no source info available)
V  [jvm.dll+0x454d4e]  (no source info available)
V  [jvm.dll+0x456bd1]  (no source info available)
C  [jli.dll+0x52a3]  (no source info available)
C  [ucrtbase.dll+0x37b0]  (no source info available)
C  [KERNEL32.DLL+0x2e8d7]  (no source info available)
C  [ntdll.dll+0x8c40c]  (no source info available)

Lock stack of current Java thread (top to bottom):


---------------  P R O C E S S  ---------------

Threads class SMR info:
_java_thread_list=0x00007ff95fea3618, length=0, elements={
}

Java Threads: ( => current thread )
Total: 0

Other Threads:
  0x000001dcbec00a80 WorkerThread "GC Thread#0"                     [id=25008, stack(0x000000bcbf100000,0x000000bcbf200000) (1024K)]
  0x000001dcbec165a0 ConcurrentGCThread "G1 Main Marker"            [id=25788, stack(0x000000bcbf200000,0x000000bcbf300000) (1024K)]
  0x000001dcbec17fd0 WorkerThread "G1 Conc#0"                       [id=3760, stack(0x000000bcbf300000,0x000000bcbf400000) (1024K)]

[error occurred during error reporting (printing all threads), id 0xc0000005, EXCEPTION_ACCESS_VIOLATION (0xc0000005) at pc=0x00007ff95f5ebfba]
VM state: not at safepoint (not fully initialized)

VM Mutex/Monitor currently owned by a thread:  ([mutex/lock_event])
[0x00007ff95ff23a10] Heap_lock - owner thread: 0x000001dcbc874530

Heap address: 0x0000000703600000, size: 4042 MB, Compressed Oops mode: Zero based, Oop shift amount: 3

CDS archive(s) mapped at: [0x0000000000000000-0x0000000000000000-0x0000000000000000), size 0, SharedBaseAddress: 0x0000000800000000, ArchiveRelocationMode: 1.
Narrow klass base: 0x0000000000000000, Narrow klass shift: 0, Narrow klass range: 0x0

GC Precious Log:
 CardTable entry size: 512
 Card Set container configuration: InlinePtr #cards 4 size 8 Array Of Cards #cards 16 size 48 Howl #buckets 8 coarsen threshold 3686 Howl Bitmap #cards 512 size 80 coarsen threshold 460 Card regions per heap region 1 cards per card region 4096

Heap:
 garbage-first heap   total reserved 4139008K, committed 0K, used 0K [0x0000000703600000, 0x0000000800000000)
  region size 2048K, 0 young (0K), 0 survivors (0K)

[error occurred during error reporting (printing heap information), id 0xc0000005, EXCEPTION_ACCESS_VIOLATION (0xc0000005) at pc=0x00007ff95f9ec3b9]
GC Heap History (0 events):
No events

Dll operation events (1 events):
Event: 0.007 Loaded shared library C:\Program Files\Java\jdk-23\bin\java.dll

Deoptimization events (0 events):
No events

Classes loaded (0 events):
No events

Classes unloaded (0 events):
No events

Classes redefined (0 events):
No events

Internal exceptions (0 events):
No events

VM Operations (0 events):
No events

Memory protections (0 events):
No events

Nmethod flushes (0 events):
No events

Events (0 events):
No events


Dynamic libraries:
0x00007ff741dc0000 - 0x00007ff741dd0000 	C:\Program Files\Java\jdk-23\bin\java.exe
0x00007ffa14180000 - 0x00007ffa143e8000 	C:\WINDOWS\SYSTEM32\ntdll.dll
0x00007ffa12040000 - 0x00007ffa12109000 	C:\WINDOWS\System32\KERNEL32.DLL
0x00007ffa11720000 - 0x00007ffa11b11000 	C:\WINDOWS\System32\KERNELBASE.dll
0x00007ffa10d60000 - 0x00007ffa10eab000 	C:\WINDOWS\System32\ucrtbase.dll
0x00007ffa09090000 - 0x00007ffa090ab000 	C:\Program Files\Java\jdk-23\bin\VCRUNTIME140.dll
0x00007ff9f2a60000 - 0x00007ff9f2a77000 	C:\Program Files\Java\jdk-23\bin\jli.dll
0x00007ffa12f30000 - 0x00007ffa130f6000 	C:\WINDOWS\System32\USER32.dll
0x00007ff9fb400000 - 0x00007ff9fb693000 	C:\WINDOWS\WinSxS\amd64_microsoft.windows.common-controls_6595b64144ccf1df_6.0.26100.7705_none_3e06597ae3363b04\COMCTL32.dll
0x00007ffa10b20000 - 0x00007ffa10b47000 	C:\WINDOWS\System32\win32u.dll
0x00007ffa13cd0000 - 0x00007ffa13d79000 	C:\WINDOWS\System32\msvcrt.dll
0x00007ffa11f20000 - 0x00007ffa11f4b000 	C:\WINDOWS\System32\GDI32.dll
0x00007ffa11b20000 - 0x00007ffa11c4b000 	C:\WINDOWS\System32\gdi32full.dll
0x00007ffa11e70000 - 0x00007ffa11f13000 	C:\WINDOWS\System32\msvcp_win.dll
0x00007ffa11f50000 - 0x00007ffa11f81000 	C:\WINDOWS\System32\IMM32.DLL
0x00007ff9ff340000 - 0x00007ff9ff34c000 	C:\Program Files\Java\jdk-23\bin\vcruntime140_1.dll
0x00007ff9dfd60000 - 0x00007ff9dfdee000 	C:\Program Files\Java\jdk-23\bin\msvcp140.dll
0x00007ff95f2b0000 - 0x00007ff95ffff000 	C:\Program Files\Java\jdk-23\bin\server\jvm.dll
0x00007ffa128d0000 - 0x00007ffa12984000 	C:\WINDOWS\System32\ADVAPI32.dll
0x00007ffa13f90000 - 0x00007ffa14036000 	C:\WINDOWS\System32\sechost.dll
0x00007ffa13bb0000 - 0x00007ffa13cc8000 	C:\WINDOWS\System32\RPCRT4.dll
0x00007ffa12eb0000 - 0x00007ffa12f24000 	C:\WINDOWS\System32\WS2_32.dll
0x00007ffa108c0000 - 0x00007ffa1091e000 	C:\WINDOWS\SYSTEM32\POWRPROF.dll
0x00007ffa08670000 - 0x00007ffa0867b000 	C:\WINDOWS\SYSTEM32\VERSION.dll
0x00007ff9fd130000 - 0x00007ff9fd165000 	C:\WINDOWS\SYSTEM32\WINMM.dll
0x00007ffa108a0000 - 0x00007ffa108b4000 	C:\WINDOWS\SYSTEM32\UMPDC.dll
0x00007ffa0f810000 - 0x00007ffa0f82b000 	C:\WINDOWS\SYSTEM32\kernel.appcore.dll
0x00007ff9fefb0000 - 0x00007ff9fefba000 	C:\Program Files\Java\jdk-23\bin\jimage.dll
0x00007ffa0ec00000 - 0x00007ffa0ee42000 	C:\WINDOWS\SYSTEM32\DBGHELP.DLL
0x00007ffa12a20000 - 0x00007ffa12da6000 	C:\WINDOWS\System32\combase.dll
0x00007ffa13170000 - 0x00007ffa13247000 	C:\WINDOWS\System32\OLEAUT32.dll
0x00007ff9f8e20000 - 0x00007ff9f8e5b000 	C:\WINDOWS\SYSTEM32\dbgcore.DLL
0x00007ffa11dc0000 - 0x00007ffa11e65000 	C:\WINDOWS\System32\bcryptPrimitives.dll
0x00007ff9f25f0000 - 0x00007ff9f260e000 	C:\Program Files\Java\jdk-23\bin\java.dll
0x00007ffa12730000 - 0x00007ffa128c7000 	C:\WINDOWS\System32\ole32.dll
0x00007ffa13250000 - 0x00007ffa139a1000 	C:\WINDOWS\System32\SHELL32.dll
0x00007ffa11c50000 - 0x00007ffa11dba000 	C:\WINDOWS\System32\wintypes.dll

dbghelp: loaded successfully - version: 4.0.5 - missing functions: none
symbol engine: initialized successfully - sym options: 0x614 - pdb path: .;C:\Program Files\Java\jdk-23\bin;C:\WINDOWS\SYSTEM32;C:\WINDOWS\WinSxS\amd64_microsoft.windows.common-controls_6595b64144ccf1df_6.0.26100.7705_none_3e06597ae3363b04;C:\Program Files\Java\jdk-23\bin\server

VM Arguments:
jvm_args: -Dclassworlds.conf=C:\Program Files\Apache\Maven\apache-maven-3.9.9\bin\m2.conf -Dmaven.home=C:\Program Files\Apache\Maven\apache-maven-3.9.9 -Dlibrary.jansi.path=C:\Program Files\Apache\Maven\apache-maven-3.9.9\lib\jansi-native -Dmaven.multiModuleProjectDirectory=C:\Users\saman\PROJECT WORK\Job-Portal 
java_command: org.codehaus.plexus.classworlds.launcher.Launcher clean package -DskipTests
java_class_path (initial): C:\Program Files\Apache\Maven\apache-maven-3.9.9\boot\plexus-classworlds-2.8.0.jar
Launcher Type: SUN_STANDARD

[Global flags]
     intx CICompilerCount                          = 4                                         {product} {ergonomic}
     uint ConcGCThreads                            = 2                                         {product} {ergonomic}
     uint G1ConcRefinementThreads                  = 8                                         {product} {ergonomic}
   size_t G1HeapRegionSize                         = 2097152                                   {product} {ergonomic}
   size_t InitialHeapSize                          = 266338304                                 {product} {ergonomic}
   size_t MarkStackSize                            = 4194304                                   {product} {ergonomic}
   size_t MarkStackSizeMax                         = 536870912                                 {product} {ergonomic}
   size_t MaxHeapSize                              = 4238344192                                {product} {ergonomic}
   size_t MinHeapDeltaBytes                        = 2097152                                   {product} {ergonomic}
   size_t MinHeapSize                              = 8388608                                   {product} {ergonomic}
    uintx NonNMethodCodeHeapSize                   = 5832704                                {pd product} {ergonomic}
    uintx NonProfiledCodeHeapSize                  = 122945536                              {pd product} {ergonomic}
    uintx ProfiledCodeHeapSize                     = 122880000                              {pd product} {ergonomic}
    uintx ReservedCodeCacheSize                    = 251658240                              {pd product} {ergonomic}
     bool SegmentedCodeCache                       = true                                      {product} {ergonomic}
   size_t SoftMaxHeapSize                          = 4238344192                             {manageable} {ergonomic}
     bool UseCompressedOops                        = true                           {product lp64_product} {ergonomic}
     bool UseG1GC                                  = true                                      {product} {ergonomic}
     bool UseLargePagesIndividualAllocation        = false                                  {pd product} {ergonomic}

Logging:
Log output configuration:
 #0: stdout all=warning uptime,level,tags foldmultilines=false
 #1: stderr all=off uptime,level,tags foldmultilines=false

Environment Variables:
JAVA_HOME=C:\Program Files\Java\jdk-23
PATH=C:\Python313\Scripts\;C:\Python313\;C:\Program Files\Common Files\Oracle\Java\javapath;C:\Program Files (x86)\Common Files\Oracle\Java\java8path;C:\Program Files (x86)\Common Files\Oracle\Java\javapath;C:\Program Files (x86)\VMware\VMware Workstation\bin\;C:\WINDOWS\system32;C:\WINDOWS;C:\WINDOWS\System32\Wbem;C:\WINDOWS\System32\WindowsPowerShell\v1.0\;C:\WINDOWS\System32\OpenSSH\;C:\Program Files\Java\jdk-18.0.1.1\bin;C:\MinGW\bin;C:\Program Files\Git\cmd;C:\Program Files\Java\jdk-23\bin;C:\Program Files\PuTTY\;C:\Program Files\Amazon\AWSCLIV2\;C:\Program Files\Docker\Docker\resources\bin;C:\Program Files\Apache\Maven\apache-maven-3.9.9\bin;;C:\ProgramData\chocolatey\bin;C:\Program Files\nodejs\;C:\Program Files\MySQL\MySQL Shell 8.0\bin\;C:\Users\saman\AppData\Local\Microsoft\WindowsApps;C:\Program Files\JetBrains\IntelliJ IDEA Community Edition 2022.1.3\bin;C:\Program Files\Apache\Maven;;C:\Users\saman\AppData\Local\Programs\Microsoft VS Code\bin;C:\Users\saman\AppData\Local\Programs\mongosh\;C:\Program Files\MongoDB\Server\7.0;D:\minikubeK8\minikube;C:\Users\saman\AppData\Local\Programs\cursor\resources\app\bin;C:\Users\saman\AppData\Roaming\npm
USERNAME=saman
OS=Windows_NT
PROCESSOR_IDENTIFIER=Intel64 Family 6 Model 140 Stepping 1, GenuineIntel
TMP=C:\Users\saman\AppData\Local\Temp
TEMP=C:\Users\saman\AppData\Local\Temp




Periodic native trim disabled

---------------  S Y S T E M  ---------------

OS:
 Windows 11 , 64 bit Build 26100 (10.0.26100.7705)
OS uptime: 11 days 23:19 hours
Hyper-V role detected

CPU: total 8 (initial active 8) (4 cores per cpu, 2 threads per core) family 6 model 140 stepping 1 microcode 0x8a, cx8, cmov, fxsr, ht, mmx, 3dnowpref, sse, sse2, sse3, ssse3, sse4.1, sse4.2, popcnt, lzcnt, tsc, tscinvbit, avx, avx2, aes, erms, clmul, bmi1, bmi2, adx, avx512f, avx512dq, avx512cd, avx512bw, avx512vl, sha, fma, vzeroupper, avx512_vpopcntdq, avx512_vpclmulqdq, avx512_vaes, avx512_vnni, clflush, clflushopt, clwb, avx512_vbmi2, avx512_vbmi, hv, rdtscp, rdpid, fsrm, gfni, avx512_bitalg, f16c, cet_ibt, cet_ss, avx512_ifma
Processor Information for processor 0
  Max Mhz: 3110, Current Mhz: 3110, Mhz Limit: 3110
Processor Information for processor 1
  Max Mhz: 3110, Current Mhz: 1203, Mhz Limit: 3110
Processor Information for processor 2
  Max Mhz: 3110, Current Mhz: 3110, Mhz Limit: 3110
Processor Information for processor 3
  Max Mhz: 3110, Current Mhz: 3110, Mhz Limit: 3110
Processor Information for processor 4
  Max Mhz: 3110, Current Mhz: 1203, Mhz Limit: 3110
Processor Information for processor 5
  Max Mhz: 3110, Current Mhz: 1203, Mhz Limit: 3110
Processor Information for processor 6
  Max Mhz: 3110, Current Mhz: 1203, Mhz Limit: 3110
Processor Information for processor 7
  Max Mhz: 3110, Current Mhz: 1203, Mhz Limit: 3110

Memory: 4k page, system-wide physical 16167M (1819M free)
TotalPageFile size 21315M (AvailPageFile size 245M)
current process WorkingSet (physical memory assigned to process): 13M, peak: 13M
current process commit charge ("private bytes"): 61M, peak: 314M

vm_info: Java HotSpot(TM) 64-Bit Server VM (23+37-2369) for windows-amd64 JRE (23+37-2369), built on 2024-08-20T16:01:23Z with MS VC++ 17.6 (VS2022)

END.
